
==========================================================================
resizer report_tns
--------------------------------------------------------------------------
tns 0.00

==========================================================================
resizer report_wns
--------------------------------------------------------------------------
wns 0.00

==========================================================================
resizer report_worst_slack
--------------------------------------------------------------------------
worst slack INF

==========================================================================
resizer report_checks -path_delay min
--------------------------------------------------------------------------
No paths found.

==========================================================================
resizer report_checks -path_delay max
--------------------------------------------------------------------------
No paths found.

==========================================================================
resizer report_checks -unconstrained
--------------------------------------------------------------------------
Startpoint: i_up_down (input port clocked by core_clock)
Endpoint: o_count[3]$_SDFF_PP0_ (rising edge-triggered flip-flop)
Path Group: unconstrained
Path Type: max

Fanout     Cap    Slew   Delay    Time   Description
-----------------------------------------------------------------------------
                          0.50    0.50 v input external delay
     1    4.24    0.00    0.00    0.50 v i_up_down (in)
                                         i_up_down (net)
                  0.00    0.00    0.50 v _24_/A (BUF_X4)
     5    8.89    0.01    0.02    0.52 v _24_/Z (BUF_X4)
                                         _07_ (net)
                  0.01    0.00    0.52 v _34_/A2 (NOR4_X1)
     2    3.32    0.06    0.08    0.60 ^ _34_/ZN (NOR4_X1)
                                         _15_ (net)
                  0.06    0.00    0.60 ^ _35_/A3 (OR3_X1)
     1    1.00    0.01    0.04    0.64 ^ _35_/ZN (OR3_X1)
                                         _16_ (net)
                  0.01    0.00    0.64 ^ _37_/A2 (AND3_X1)
     1    1.30    0.01    0.04    0.68 ^ _37_/ZN (AND3_X1)
                                         _04_ (net)
                  0.01    0.00    0.68 ^ o_count[3]$_SDFF_PP0_/D (DFF_X1)
                                  0.68   data arrival time
-----------------------------------------------------------------------------
(Path is unconstrained)



==========================================================================
resizer report_check_types -max_slew -max_cap -max_fanout -violators
--------------------------------------------------------------------------

==========================================================================
resizer max_slew_check_slack
--------------------------------------------------------------------------
0.14154189825057983

==========================================================================
resizer max_slew_check_limit
--------------------------------------------------------------------------
0.1985349953174591

==========================================================================
resizer max_slew_check_slack_limit
--------------------------------------------------------------------------
0.7129

==========================================================================
resizer max_fanout_check_slack
--------------------------------------------------------------------------
1.0000000150474662e+30

==========================================================================
resizer max_fanout_check_limit
--------------------------------------------------------------------------
1.0000000150474662e+30

==========================================================================
resizer max_capacitance_check_slack
--------------------------------------------------------------------------
7.147568225860596

==========================================================================
resizer max_capacitance_check_limit
--------------------------------------------------------------------------
10.47130012512207

==========================================================================
resizer max_capacitance_check_slack_limit
--------------------------------------------------------------------------
0.6826

==========================================================================
resizer max_slew_violation_count
--------------------------------------------------------------------------
max slew violation count 0

==========================================================================
resizer max_fanout_violation_count
--------------------------------------------------------------------------
max fanout violation count 0

==========================================================================
resizer max_cap_violation_count
--------------------------------------------------------------------------
max cap violation count 0

==========================================================================
resizer setup_violation_count
--------------------------------------------------------------------------
setup violation count 0

==========================================================================
resizer hold_violation_count
--------------------------------------------------------------------------
hold violation count 0

==========================================================================
resizer report_checks -path_delay max reg to reg
--------------------------------------------------------------------------
No paths found.

==========================================================================
resizer report_checks -path_delay min reg to reg
--------------------------------------------------------------------------
No paths found.

==========================================================================
resizer critical path target clock latency max path
--------------------------------------------------------------------------
0

==========================================================================
resizer critical path target clock latency min path
--------------------------------------------------------------------------
0

==========================================================================
resizer critical path source clock latency min path
--------------------------------------------------------------------------
0

==========================================================================
resizer critical path delay
--------------------------------------------------------------------------
-1

==========================================================================
resizer critical path slack
--------------------------------------------------------------------------
0

==========================================================================
resizer slack div critical path delay
--------------------------------------------------------------------------
0.000000

==========================================================================
resizer report_power
--------------------------------------------------------------------------
Group                  Internal  Switching    Leakage      Total
                          Power      Power      Power      Power (Watts)
----------------------------------------------------------------
Sequential             4.02e-06   1.44e-06   3.15e-07   5.78e-06  46.8%
Combinational          3.87e-06   2.06e-06   6.46e-07   6.57e-06  53.2%
Clock                  0.00e+00   0.00e+00   0.00e+00   0.00e+00   0.0%
Macro                  0.00e+00   0.00e+00   0.00e+00   0.00e+00   0.0%
Pad                    0.00e+00   0.00e+00   0.00e+00   0.00e+00   0.0%
----------------------------------------------------------------
Total                  7.89e-06   3.50e-06   9.61e-07   1.24e-05 100.0%
                          63.9%      28.3%       7.8%
